[17:21:51] [q4] attempt 1: unload bonsai: HTTP 200
[17:21:58] [q4] loaded in 4.6 s, build b10743-adfffbe41, card {'used': 12662, 'free': 3389, 'util': 0}
[17:22:29] [q4_0] speed 8192: [71.45066709705186, 73.92480716496625, 73.97434569691231]
[17:24:02] [q4_0] speed 65536: [74.42159101687618, 73.51130949875665, 72.19564510206341]
[17:26:55] [q4_0] speed 131072: [58.54538817314281, 57.868886350726754, 57.72452633630581]
[17:31:15] [q4_0] needles 32768: 5/5
[17:52:46] [q4_0] needles 131072: 5/5
[17:53:00] restore: {'lane_resumed': False, 'reload_s': 13.4, 'bonsai_state': 'ready', 'bonsai_cmd_is_config': True, 'proxy_health': 200, 'gpu': {'used': 14964, 'free': 1087, 'util': 0}}
[17:53:13] [q8] attempt 1: unload bonsai: HTTP 200
[17:53:21] [q8] loaded in 4.6 s, build b10743-adfffbe41, card {'used': 14972, 'free': 1079, 'util': 0}
[17:53:41] [q8_0] speed 8192: [73.21218009507248, 73.32959496182549, 73.26605115521888]
[17:55:16] [q8_0] speed 65536: [72.31355155956226, 72.4329547788281, 72.43239926783626]
[17:58:09] [q8_0] speed 131072: [56.024907575380425, 55.87731882655877, 55.62773830268645]
[18:02:29] [q8_0] needles 32768: 5/5
[18:24:01] [q8_0] needles 131072: 5/5
[18:24:15] restore: {'lane_resumed': False, 'reload_s': 13.4, 'bonsai_state': 'ready', 'bonsai_cmd_is_config': True, 'proxy_health': 200, 'gpu': {'used': 14964, 'free': 1087, 'util': 0}}
[18:24:15] lane: {'held_by': 'tier models (Bonsai window)', 'resumed': False}
{
 "fit_full_262k_q4": {
  "min_free_mib": 3319,
  "margin_mib": 1000,
  "fits": true
 },
 "tps_8192": {
  "q4": 73.92,
  "q8": 73.27
 },
 "tps_65536": {
  "q4": 73.51,
  "q8": 72.43
 },
 "tps_131072": {
  "q4": 57.87,
  "q8": 55.88
 },
 "drift": {
  "kl_mean": 0.0,
  "kl_max": 0,
  "n": 128,
  "top1_agree": "0/0",
  "how": "top-20 approximate KL(q8 || q4), 8 chunks x 16 cuts"
 },
 "needles": {
  "q4": {
   "32768": 5,
   "131072": 5
  },
  "q8": {
   "32768": 5,
   "131072": 5
  }
 }
}
